
   Psy\Exception\ParseErrorException 

  PHP Parse error: Syntax error, unexpected T_NS_SEPARATOR on line 1

  at C:\Users\Juren\blackbox project\TravelOrderDB\vendor\psy\psysh\src\Exception\ParseErrorException.php:44
     40Γûò      * @param \PhpParser\Error $e
     41Γûò      */
     42Γûò     public static function fromParseError(\PhpParser\Error $e): self
     43Γûò     {
  Γ₧£  44Γûò         return new self($e->getRawMessage(), $e->getAttributes());
     45Γûò     }
     46Γûò }
     47Γûò

  1   C:\Users\Juren\blackbox project\TravelOrderDB\vendor\psy\psysh\src\CodeCleaner.php:332
      Psy\Exception\ParseErrorException::fromParseError(Object(PhpParser\Error))

  2   C:\Users\Juren\blackbox project\TravelOrderDB\vendor\psy\psysh\src\CodeCleaner.php:261
      Psy\CodeCleaner::parse("<?php use App\Http\Controllers\LeaveFormController; \ = new LeaveFormController(); \->sendNotification('Test', 'Message', true); echo 'Admin notification sent';
")

  3   C:\Users\Juren\blackbox project\TravelOrderDB\vendor\psy\psysh\src\Shell.php:848
      Psy\CodeCleaner::clean()

  4   C:\Users\Juren\blackbox project\TravelOrderDB\vendor\psy\psysh\src\Shell.php:877
      Psy\Shell::addCode("use App\Http\Controllers\LeaveFormController; \ = new LeaveFormController(); \->sendNotification('Test', 'Message', true); echo 'Admin notification sent';")

  5   C:\Users\Juren\blackbox project\TravelOrderDB\vendor\psy\psysh\src\Shell.php:1342
      Psy\Shell::setCode("use App\Http\Controllers\LeaveFormController; \ = new LeaveFormController(); \->sendNotification('Test', 'Message', true); echo 'Admin notification sent';")

  6   C:\Users\Juren\blackbox project\TravelOrderDB\vendor\laravel\tinker\src\Console\TinkerCommand.php:76
      Psy\Shell::execute("use App\Http\Controllers\LeaveFormController; \ = new LeaveFormController(); \->sendNotification('Test', 'Message', true); echo 'Admin notification sent';")

  7   C:\Users\Juren\blackbox project\TravelOrderDB\vendor\laravel\framework\src\Illuminate\Container\BoundMethod.php:36
      Laravel\Tinker\Console\TinkerCommand::handle()

  8   C:\Users\Juren\blackbox project\TravelOrderDB\vendor\laravel\framework\src\Illuminate\Container\Util.php:41
      Illuminate\Container\BoundMethod::Illuminate\Container\{closure}()

  9   C:\Users\Juren\blackbox project\TravelOrderDB\vendor\laravel\framework\src\Illuminate\Container\BoundMethod.php:93
      Illuminate\Container\Util::unwrapIfClosure(Object(Closure))

  10  C:\Users\Juren\blackbox project\TravelOrderDB\vendor\laravel\framework\src\Illuminate\Container\BoundMethod.php:35
      Illuminate\Container\BoundMethod::callBoundMethod(Object(Illuminate\Foundation\Application), Object(Closure))

  11  C:\Users\Juren\blackbox project\TravelOrderDB\vendor\laravel\framework\src\Illuminate\Container\Container.php:661
      Illuminate\Container\BoundMethod::call(Object(Illuminate\Foundation\Application), [])

  12  C:\Users\Juren\blackbox project\TravelOrderDB\vendor\laravel\framework\src\Illuminate\Console\Command.php:183
      Illuminate\Container\Container::call()

  13  C:\Users\Juren\blackbox project\TravelOrderDB\vendor\symfony\console\Command\Command.php:291
      Illuminate\Console\Command::execute(Object(Symfony\Component\Console\Input\ArgvInput), Object(Illuminate\Console\OutputStyle))

  14  C:\Users\Juren\blackbox project\TravelOrderDB\vendor\laravel\framework\src\Illuminate\Console\Command.php:152
      Symfony\Component\Console\Command\Command::run(Object(Symfony\Component\Console\Input\ArgvInput), Object(Illuminate\Console\OutputStyle))

  15  C:\Users\Juren\blackbox project\TravelOrderDB\vendor\symfony\console\Application.php:1014
      Illuminate\Console\Command::run(Object(Symfony\Component\Console\Input\ArgvInput), Object(Symfony\Component\Console\Output\ConsoleOutput))

  16  C:\Users\Juren\blackbox project\TravelOrderDB\vendor\symfony\console\Application.php:301
      Symfony\Component\Console\Application::doRunCommand(Object(Laravel\Tinker\Console\TinkerCommand), Object(Symfony\Component\Console\Input\ArgvInput), Object(Symfony\Component\Console\Output\ConsoleOutput))

  17  C:\Users\Juren\blackbox project\TravelOrderDB\vendor\symfony\console\Application.php:171
      Symfony\Component\Console\Application::doRun(Object(Symfony\Component\Console\Input\ArgvInput), Object(Symfony\Component\Console\Output\ConsoleOutput))

  18  C:\Users\Juren\blackbox project\TravelOrderDB\vendor\laravel\framework\src\Illuminate\Console\Application.php:102
      Symfony\Component\Console\Application::run(Object(Symfony\Component\Console\Input\ArgvInput), Object(Symfony\Component\Console\Output\ConsoleOutput))

  19  C:\Users\Juren\blackbox project\TravelOrderDB\vendor\laravel\framework\src\Illuminate\Foundation\Console\Kernel.php:155
      Illuminate\Console\Application::run(Object(Symfony\Component\Console\Input\ArgvInput), Object(Symfony\Component\Console\Output\ConsoleOutput))

  20  C:\Users\Juren\blackbox project\TravelOrderDB\artisan:35
      Illuminate\Foundation\Console\Kernel::handle(Object(Symfony\Component\Console\Input\ArgvInput), Object(Symfony\Component\Console\Output\ConsoleOutput))
